Installing dependencies from lock file (including require-dev)
Verifying lock file contents can be installed on current platform.
Package operations: 41 installs, 0 updates, 0 removals
  - Downloading squizlabs/php_codesniffer (3.13.5)
  - Downloading dealerdirect/phpcodesniffer-composer-installer (v1.2.1)
  - Downloading php-stubs/wordpress-stubs (v6.9.4)
  - Downloading php-stubs/woocommerce-stubs (v10.9.4)
  - Downloading phpcompatibility/php-compatibility (9.3.5)
  - Downloading phpcompatibility/phpcompatibility-paragonie (1.3.4)
  - Downloading phpcompatibility/phpcompatibility-wp (2.1.8)
  - Downloading phpstan/phpstan (2.2.5)
  - Downloading phar-io/version (3.2.1)
  - Downloading phpstan/phpstan-phpunit (2.0.18)
  - Downloading sebastian/version (3.0.2)
  - Downloading sebastian/type (3.2.1)
  - Downloading sebastian/resource-operations (3.0.4)
  - Downloading sebastian/recursion-context (4.0.6)
  - Downloading sebastian/object-reflector (2.0.4)
  - Downloading sebastian/object-enumerator (4.0.4)
  - Downloading sebastian/global-state (5.0.8)
  - Downloading sebastian/exporter (4.0.8)
  - Downloading sebastian/environment (5.1.5)
  - Downloading sebastian/diff (4.0.6)
  - Downloading sebastian/comparator (4.0.10)
  - Downloading sebastian/code-unit (1.0.8)
  - Downloading sebastian/cli-parser (1.0.2)
  - Downloading phpunit/php-timer (5.0.3)
  - Downloading phpunit/php-text-template (2.0.4)
  - Downloading phpunit/php-invoker (3.1.1)
  - Downloading phpunit/php-file-iterator (3.0.6)
  - Downloading theseer/tokenizer (1.3.1)
  - Downloading nikic/php-parser (v5.8.0)
  - Downloading sebastian/lines-of-code (1.0.4)
  - Downloading sebastian/complexity (2.0.3)
  - Downloading sebastian/code-unit-reverse-lookup (2.0.3)
  - Downloading phpunit/php-code-coverage (9.2.32)
  - Downloading phar-io/manifest (2.0.4)
  - Downloading myclabs/deep-copy (1.13.4)
  - Downloading doctrine/instantiator (1.5.0)
  - Downloading phpunit/phpunit (9.6.35)
  - Downloading szepeviktor/phpstan-wordpress (v2.0.3)
  - Downloading phpcsstandards/phpcsutils (1.2.2)
  - Downloading phpcsstandards/phpcsextra (1.5.0)
  - Downloading wp-coding-standards/wpcs (3.4.0)
  - Installing squizlabs/php_codesniffer (3.13.5): Extracting archive
  - Installing dealerdirect/phpcodesniffer-composer-installer (v1.2.1): Extracting archive
  - Installing php-stubs/wordpress-stubs (v6.9.4): Extracting archive
  - Installing php-stubs/woocommerce-stubs (v10.9.4): Extracting archive
  - Installing phpcompatibility/php-compatibility (9.3.5): Extracting archive
  - Installing phpcompatibility/phpcompatibility-paragonie (1.3.4): Extracting archive
  - Installing phpcompatibility/phpcompatibility-wp (2.1.8): Extracting archive
  - Installing phpstan/phpstan (2.2.5): Extracting archive
  - Installing phar-io/version (3.2.1): Extracting archive
  - Installing phpstan/phpstan-phpunit (2.0.18): Extracting archive
  - Installing sebastian/version (3.0.2): Extracting archive
  - Installing sebastian/type (3.2.1): Extracting archive
  - Installing sebastian/resource-operations (3.0.4): Extracting archive
  - Installing sebastian/recursion-context (4.0.6): Extracting archive
  - Installing sebastian/object-reflector (2.0.4): Extracting archive
  - Installing sebastian/object-enumerator (4.0.4): Extracting archive
  - Installing sebastian/global-state (5.0.8): Extracting archive
  - Installing sebastian/exporter (4.0.8): Extracting archive
  - Installing sebastian/environment (5.1.5): Extracting archive
  - Installing sebastian/diff (4.0.6): Extracting archive
  - Installing sebastian/comparator (4.0.10): Extracting archive
  - Installing sebastian/code-unit (1.0.8): Extracting archive
  - Installing sebastian/cli-parser (1.0.2): Extracting archive
  - Installing phpunit/php-timer (5.0.3): Extracting archive
  - Installing phpunit/php-text-template (2.0.4): Extracting archive
  - Installing phpunit/php-invoker (3.1.1): Extracting archive
  - Installing phpunit/php-file-iterator (3.0.6): Extracting archive
  - Installing theseer/tokenizer (1.3.1): Extracting archive
  - Installing nikic/php-parser (v5.8.0): Extracting archive
  - Installing sebastian/lines-of-code (1.0.4): Extracting archive
  - Installing sebastian/complexity (2.0.3): Extracting archive
  - Installing sebastian/code-unit-reverse-lookup (2.0.3): Extracting archive
  - Installing phpunit/php-code-coverage (9.2.32): Extracting archive
  - Installing phar-io/manifest (2.0.4): Extracting archive
  - Installing myclabs/deep-copy (1.13.4): Extracting archive
  - Installing doctrine/instantiator (1.5.0): Extracting archive
  - Installing phpunit/phpunit (9.6.35): Extracting archive
  - Installing szepeviktor/phpstan-wordpress (v2.0.3): Extracting archive
  - Installing phpcsstandards/phpcsutils (1.2.2): Extracting archive
  - Installing phpcsstandards/phpcsextra (1.5.0): Extracting archive
  - Installing wp-coding-standards/wpcs (3.4.0): Extracting archive
Generating autoload files
34 packages you are using are looking for funding.
Use the `composer fund` command to find out more!
PHP CodeSniffer Config installed_paths set to ../../phpcompatibility/php-compatibility,../../phpcompatibility/phpcompatibility-paragonie,../../phpcompatibility/phpcompatibility-wp,../../phpcsstandards/phpcsextra,../../phpcsstandards/phpcsutils,../../wp-coding-standards/wpcs
